// Jest Snapshot v1, https://goo.gl/fbAQLP

exports[`[SNAPSHOT] Home page: Should match snapshot 1`] = `
<body>
  <div>
    <div
      class="container"
      data-testid="homepage"
    >
      <div
        class="MuiGrid-root MuiGrid-container css-1sjizby-MuiGrid-root"
      >
        <div
          class="MuiGrid-root MuiGrid-item MuiGrid-grid-xs-6 css-1osj8n2-MuiGrid-root"
        >
          <div
            class="MuiTypography-root MuiTypography-h4 MuiTypography-gutterBottom css-1vw6mcs-MuiTypography-root"
          >
            Recently loaded
          </div>
        </div>
        <div
          class="MuiGrid-root MuiGrid-item MuiGrid-grid-xs-6 css-jlvj17-MuiGrid-root"
        >
          <label
            for="contained-button-file"
          >
            <input
              accept="text/csv,image/png"
              class="css-1hyfx7x"
              data-testid="upload"
              id="contained-button-file"
              multiple=""
              type="file"
            />
            <span
              class="MuiButton-root MuiButton-contained MuiButton-containedPrimary MuiButton-sizeMedium MuiButton-containedSizeMedium MuiButtonBase-root  css-sghohy-MuiButtonBase-root-MuiButton-root"
              role="button"
              tabindex="0"
            >
              UPLOAD
              <span
                class="MuiTouchRipple-root css-8je8zh-MuiTouchRipple-root"
              />
            </span>
          </label>
        </div>
      </div>
      <span
        class="MuiTypography-root MuiTypography-overline css-b3fch5-MuiTypography-root"
      >
        You don't have any file loaded
      </span>
    </div>
  </div>
</body>
`;
